// Jest Snapshot v1, https://goo.gl/fbAQLP

exports[`pruebas <HooksApp /> should show component 1`] = `
<Fragment>
  <h1>
    Hola Hooks!
  </h1>
</Fragment>
`;
